Archive member included to satisfy reference by file (symbol)

/opt/crosstools/gcc-linaro-6.4.1-2018.05-i686_aarch64-linux-gnu/bin/../aarch64-linux-gnu/libc/usr/lib/libc_nonshared.a(elf-init.oS)
                              /opt/crosstools/gcc-linaro-6.4.1-2018.05-i686_aarch64-linux-gnu/bin/../aarch64-linux-gnu/libc/usr/lib/crt1.o (__libc_csu_init)

Discarded input sections

 .note.GNU-stack
                0x0000000000000000        0x0 /opt/crosstools/gcc-linaro-6.4.1-2018.05-i686_aarch64-linux-gnu/bin/../aarch64-linux-gnu/libc/usr/lib/crt1.o
 .note.GNU-stack
                0x0000000000000000        0x0 /opt/crosstools/gcc-linaro-6.4.1-2018.05-i686_aarch64-linux-gnu/bin/../aarch64-linux-gnu/libc/usr/lib/crti.o
 .note.GNU-stack
                0x0000000000000000        0x0 /opt/crosstools/gcc-linaro-6.4.1-2018.05-i686_aarch64-linux-gnu/bin/../lib/gcc/aarch64-linux-gnu/6.4.1/crtbegin.o
 .note.GNU-stack
                0x0000000000000000        0x0 appShowMemInfos.o
 .note.GNU-stack
                0x0000000000000000        0x0 /opt/crosstools/gcc-linaro-6.4.1-2018.05-i686_aarch64-linux-gnu/bin/../aarch64-linux-gnu/libc/usr/lib/libc_nonshared.a(elf-init.oS)
 .note.GNU-stack
                0x0000000000000000        0x0 /opt/crosstools/gcc-linaro-6.4.1-2018.05-i686_aarch64-linux-gnu/bin/../lib/gcc/aarch64-linux-gnu/6.4.1/crtend.o
 .note.GNU-stack
                0x0000000000000000        0x0 /opt/crosstools/gcc-linaro-6.4.1-2018.05-i686_aarch64-linux-gnu/bin/../aarch64-linux-gnu/libc/usr/lib/crtn.o

Memory Configuration

Name             Origin             Length             Attributes
*default*        0x0000000000000000 0xffffffffffffffff

Linker script and memory map

LOAD /opt/crosstools/gcc-linaro-6.4.1-2018.05-i686_aarch64-linux-gnu/bin/../aarch64-linux-gnu/libc/usr/lib/crt1.o
LOAD /opt/crosstools/gcc-linaro-6.4.1-2018.05-i686_aarch64-linux-gnu/bin/../aarch64-linux-gnu/libc/usr/lib/crti.o
LOAD /opt/crosstools/gcc-linaro-6.4.1-2018.05-i686_aarch64-linux-gnu/bin/../lib/gcc/aarch64-linux-gnu/6.4.1/crtbegin.o
LOAD appShowMemInfos.o
LOAD /opt/crosstools/gcc-linaro-6.4.1-2018.05-i686_aarch64-linux-gnu/bin/../aarch64-linux-gnu/libc/usr/lib/libm.so
LOAD /opt/crosstools/gcc-linaro-6.4.1-2018.05-i686_aarch64-linux-gnu/bin/../aarch64-linux-gnu/libc/usr/lib/librt.so
LOAD /opt/crosstools/gcc-linaro-6.4.1-2018.05-i686_aarch64-linux-gnu/bin/../lib/gcc/aarch64-linux-gnu/6.4.1/libgcc.a
LOAD /opt/crosstools/gcc-linaro-6.4.1-2018.05-i686_aarch64-linux-gnu/bin/../lib/gcc/aarch64-linux-gnu/6.4.1/../../../../aarch64-linux-gnu/lib/../lib64/libgcc_s.so
LOAD /opt/crosstools/gcc-linaro-6.4.1-2018.05-i686_aarch64-linux-gnu/bin/../aarch64-linux-gnu/libc/usr/lib/libc.so
START GROUP
LOAD /opt/crosstools/gcc-linaro-6.4.1-2018.05-i686_aarch64-linux-gnu/bin/../aarch64-linux-gnu/libc/lib/libc.so.6
LOAD /opt/crosstools/gcc-linaro-6.4.1-2018.05-i686_aarch64-linux-gnu/bin/../aarch64-linux-gnu/libc/usr/lib/libc_nonshared.a
LOAD /opt/crosstools/gcc-linaro-6.4.1-2018.05-i686_aarch64-linux-gnu/bin/../aarch64-linux-gnu/libc/lib/ld-linux-aarch64.so.1
END GROUP
LOAD /opt/crosstools/gcc-linaro-6.4.1-2018.05-i686_aarch64-linux-gnu/bin/../lib/gcc/aarch64-linux-gnu/6.4.1/libgcc.a
LOAD /opt/crosstools/gcc-linaro-6.4.1-2018.05-i686_aarch64-linux-gnu/bin/../lib/gcc/aarch64-linux-gnu/6.4.1/../../../../aarch64-linux-gnu/lib/../lib64/libgcc_s.so
LOAD /opt/crosstools/gcc-linaro-6.4.1-2018.05-i686_aarch64-linux-gnu/bin/../lib/gcc/aarch64-linux-gnu/6.4.1/crtend.o
LOAD /opt/crosstools/gcc-linaro-6.4.1-2018.05-i686_aarch64-linux-gnu/bin/../aarch64-linux-gnu/libc/usr/lib/crtn.o
                [!provide]                        PROVIDE (__executable_start, 0x400000)
                0x00000000004001c8                . = (0x400000 + SIZEOF_HEADERS)

.interp         0x00000000004001c8       0x1b
 *(.interp)
 .interp        0x00000000004001c8       0x1b /opt/crosstools/gcc-linaro-6.4.1-2018.05-i686_aarch64-linux-gnu/bin/../aarch64-linux-gnu/libc/usr/lib/crt1.o

.note.ABI-tag   0x00000000004001e4       0x20
 .note.ABI-tag  0x00000000004001e4       0x20 /opt/crosstools/gcc-linaro-6.4.1-2018.05-i686_aarch64-linux-gnu/bin/../aarch64-linux-gnu/libc/usr/lib/crt1.o

.note.gnu.build-id
                0x0000000000400204       0x24
 *(.note.gnu.build-id)
 .note.gnu.build-id
                0x0000000000400204       0x24 /opt/crosstools/gcc-linaro-6.4.1-2018.05-i686_aarch64-linux-gnu/bin/../aarch64-linux-gnu/libc/usr/lib/crt1.o

.hash           0x0000000000400228       0x4c
 *(.hash)
 .hash          0x0000000000400228       0x4c /opt/crosstools/gcc-linaro-6.4.1-2018.05-i686_aarch64-linux-gnu/bin/../aarch64-linux-gnu/libc/usr/lib/crt1.o

.gnu.hash
 *(.gnu.hash)

.dynsym         0x0000000000400278      0x150
 *(.dynsym)
 .dynsym        0x0000000000400278      0x150 /opt/crosstools/gcc-linaro-6.4.1-2018.05-i686_aarch64-linux-gnu/bin/../aarch64-linux-gnu/libc/usr/lib/crt1.o

.dynstr         0x00000000004003c8       0xd2
 *(.dynstr)
 .dynstr        0x00000000004003c8       0xd2 /opt/crosstools/gcc-linaro-6.4.1-2018.05-i686_aarch64-linux-gnu/bin/../aarch64-linux-gnu/libc/usr/lib/crt1.o

.gnu.version    0x000000000040049a       0x1c
 *(.gnu.version)
 .gnu.version   0x000000000040049a       0x1c /opt/crosstools/gcc-linaro-6.4.1-2018.05-i686_aarch64-linux-gnu/bin/../aarch64-linux-gnu/libc/usr/lib/crt1.o

.gnu.version_d  0x00000000004004b8        0x0
 *(.gnu.version_d)
 .gnu.version_d
                0x00000000004004b8        0x0 /opt/crosstools/gcc-linaro-6.4.1-2018.05-i686_aarch64-linux-gnu/bin/../aarch64-linux-gnu/libc/usr/lib/crt1.o

.gnu.version_r  0x00000000004004b8       0x20
 *(.gnu.version_r)
 .gnu.version_r
                0x00000000004004b8       0x20 /opt/crosstools/gcc-linaro-6.4.1-2018.05-i686_aarch64-linux-gnu/bin/../aarch64-linux-gnu/libc/usr/lib/crt1.o

.rela.dyn       0x00000000004004d8       0x18
 *(.rela.init)
 *(.rela.text .rela.text.* .rela.gnu.linkonce.t.*)
 *(.rela.fini)
 *(.rela.rodata .rela.rodata.* .rela.gnu.linkonce.r.*)
 *(.rela.data .rela.data.* .rela.gnu.linkonce.d.*)
 *(.rela.tdata .rela.tdata.* .rela.gnu.linkonce.td.*)
 *(.rela.tbss .rela.tbss.* .rela.gnu.linkonce.tb.*)
 *(.rela.ctors)
 *(.rela.dtors)
 *(.rela.got)
 .rela.got      0x00000000004004d8       0x18 /opt/crosstools/gcc-linaro-6.4.1-2018.05-i686_aarch64-linux-gnu/bin/../aarch64-linux-gnu/libc/usr/lib/crt1.o
 *(.rela.bss .rela.bss.* .rela.gnu.linkonce.b.*)
 .rela.bss      0x00000000004004f0        0x0 /opt/crosstools/gcc-linaro-6.4.1-2018.05-i686_aarch64-linux-gnu/bin/../aarch64-linux-gnu/libc/usr/lib/crt1.o
 *(.rela.ifunc)

.rela.plt       0x00000000004004f0       0xf0
 *(.rela.plt)
 .rela.plt      0x00000000004004f0       0xf0 /opt/crosstools/gcc-linaro-6.4.1-2018.05-i686_aarch64-linux-gnu/bin/../aarch64-linux-gnu/libc/usr/lib/crt1.o
                [!provide]                        PROVIDE (__rela_iplt_start, .)
 *(.rela.iplt)
 .rela.iplt     0x00000000004005e0        0x0 /opt/crosstools/gcc-linaro-6.4.1-2018.05-i686_aarch64-linux-gnu/bin/../aarch64-linux-gnu/libc/usr/lib/crt1.o
                [!provide]                        PROVIDE (__rela_iplt_end, .)

.init           0x00000000004005e0       0x14
 *(SORT(.init))
 .init          0x00000000004005e0        0xc /opt/crosstools/gcc-linaro-6.4.1-2018.05-i686_aarch64-linux-gnu/bin/../aarch64-linux-gnu/libc/usr/lib/crti.o
                0x00000000004005e0                _init
 .init          0x00000000004005ec        0x8 /opt/crosstools/gcc-linaro-6.4.1-2018.05-i686_aarch64-linux-gnu/bin/../aarch64-linux-gnu/libc/usr/lib/crtn.o

.plt            0x0000000000400600       0xc0
 *(.plt)
 .plt           0x0000000000400600       0xc0 /opt/crosstools/gcc-linaro-6.4.1-2018.05-i686_aarch64-linux-gnu/bin/../aarch64-linux-gnu/libc/usr/lib/crt1.o
                0x0000000000400620                fclose@@GLIBC_2.17
                0x0000000000400630                fopen@@GLIBC_2.17
                0x0000000000400640                __libc_start_main@@GLIBC_2.17
                0x0000000000400660                abort@@GLIBC_2.17
                0x0000000000400670                puts@@GLIBC_2.17
                0x0000000000400680                fread@@GLIBC_2.17
                0x0000000000400690                strstr@@GLIBC_2.17
                0x00000000004006a0                __isoc99_sscanf@@GLIBC_2.17
                0x00000000004006b0                printf@@GLIBC_2.17
 *(.iplt)
 .iplt          0x00000000004006c0        0x0 /opt/crosstools/gcc-linaro-6.4.1-2018.05-i686_aarch64-linux-gnu/bin/../aarch64-linux-gnu/libc/usr/lib/crt1.o

.text           0x00000000004006c0      0x2cc
 *(.text.unlikely .text.*_unlikely .text.unlikely.*)
 *(.text.exit .text.exit.*)
 *(.text.startup .text.startup.*)
 *(.text.hot .text.hot.*)
 *(.text .stub .text.* .gnu.linkonce.t.*)
 .text          0x00000000004006c0       0x48 /opt/crosstools/gcc-linaro-6.4.1-2018.05-i686_aarch64-linux-gnu/bin/../aarch64-linux-gnu/libc/usr/lib/crt1.o
                0x00000000004006c0                _start
 .text          0x0000000000400708       0x14 /opt/crosstools/gcc-linaro-6.4.1-2018.05-i686_aarch64-linux-gnu/bin/../aarch64-linux-gnu/libc/usr/lib/crti.o
 *fill*         0x000000000040071c        0x4 00000000
 .text          0x0000000000400720       0xf0 /opt/crosstools/gcc-linaro-6.4.1-2018.05-i686_aarch64-linux-gnu/bin/../lib/gcc/aarch64-linux-gnu/6.4.1/crtbegin.o
 .text          0x0000000000400810       0xfc appShowMemInfos.o
                0x0000000000400810                main
 *fill*         0x000000000040090c        0x4 00000000
 .text          0x0000000000400910       0x7c /opt/crosstools/gcc-linaro-6.4.1-2018.05-i686_aarch64-linux-gnu/bin/../aarch64-linux-gnu/libc/usr/lib/libc_nonshared.a(elf-init.oS)
                0x0000000000400910                __libc_csu_init
                0x0000000000400988                __libc_csu_fini
 .text          0x000000000040098c        0x0 /opt/crosstools/gcc-linaro-6.4.1-2018.05-i686_aarch64-linux-gnu/bin/../lib/gcc/aarch64-linux-gnu/6.4.1/crtend.o
 .text          0x000000000040098c        0x0 /opt/crosstools/gcc-linaro-6.4.1-2018.05-i686_aarch64-linux-gnu/bin/../aarch64-linux-gnu/libc/usr/lib/crtn.o
 *(.gnu.warning)

.fini           0x000000000040098c       0x10
 *(SORT(.fini))
 .fini          0x000000000040098c        0x8 /opt/crosstools/gcc-linaro-6.4.1-2018.05-i686_aarch64-linux-gnu/bin/../aarch64-linux-gnu/libc/usr/lib/crti.o
                0x000000000040098c                _fini
 .fini          0x0000000000400994        0x8 /opt/crosstools/gcc-linaro-6.4.1-2018.05-i686_aarch64-linux-gnu/bin/../aarch64-linux-gnu/libc/usr/lib/crtn.o
                [!provide]                        PROVIDE (__etext, .)
                [!provide]                        PROVIDE (_etext, .)
                [!provide]                        PROVIDE (etext, .)

.rodata         0x00000000004009a0       0xb3
 *(.rodata .rodata.* .gnu.linkonce.r.*)
 .rodata.cst4   0x00000000004009a0        0x4 /opt/crosstools/gcc-linaro-6.4.1-2018.05-i686_aarch64-linux-gnu/bin/../aarch64-linux-gnu/libc/usr/lib/crt1.o
                0x00000000004009a0                _IO_stdin_used
 *fill*         0x00000000004009a4        0x4 
 .rodata        0x00000000004009a8       0xab appShowMemInfos.o

.rodata1
 *(.rodata1)

.eh_frame_hdr
 *(.eh_frame_hdr)
 *(.eh_frame_entry .eh_frame_entry.*)

.eh_frame       0x0000000000400a54        0x4
 *(.eh_frame)
 .eh_frame      0x0000000000400a54        0x4 /opt/crosstools/gcc-linaro-6.4.1-2018.05-i686_aarch64-linux-gnu/bin/../lib/gcc/aarch64-linux-gnu/6.4.1/crtend.o
 *(.eh_frame.*)

.gcc_except_table
 *(.gcc_except_table .gcc_except_table.*)

.gnu_extab
 *(.gnu_extab*)

.exception_ranges
 *(.exception_ranges .exception_ranges*)
                0x0000000000410a58                . = DATA_SEGMENT_ALIGN (0x10000, 0x1000)

.eh_frame
 *(.eh_frame)
 *(.eh_frame.*)

.gnu_extab
 *(.gnu_extab)

.gcc_except_table
 *(.gcc_except_table .gcc_except_table.*)

.exception_ranges
 *(.exception_ranges .exception_ranges*)

.tdata
 *(.tdata .tdata.* .gnu.linkonce.td.*)

.tbss
 *(.tbss .tbss.* .gnu.linkonce.tb.*)
 *(.tcommon)

.preinit_array  0x0000000000410a58        0x0
                [!provide]                        PROVIDE (__preinit_array_start, .)
 *(.preinit_array)
                [!provide]                        PROVIDE (__preinit_array_end, .)

.init_array     0x0000000000410a58        0x8
                0x0000000000410a58                PROVIDE (__init_array_start, .)
 *(SORT(.init_array.*) SORT(.ctors.*))
 *(.init_array EXCLUDE_FILE(*crtend?.o *crtend.o *crtbegin?.o *crtbegin.o) .ctors)
 .init_array    0x0000000000410a58        0x8 /opt/crosstools/gcc-linaro-6.4.1-2018.05-i686_aarch64-linux-gnu/bin/../lib/gcc/aarch64-linux-gnu/6.4.1/crtbegin.o
                0x0000000000410a60                PROVIDE (__init_array_end, .)

.fini_array     0x0000000000410a60        0x8
                [!provide]                        PROVIDE (__fini_array_start, .)
 *(SORT(.fini_array.*) SORT(.dtors.*))
 *(.fini_array EXCLUDE_FILE(*crtend?.o *crtend.o *crtbegin?.o *crtbegin.o) .dtors)
 .fini_array    0x0000000000410a60        0x8 /opt/crosstools/gcc-linaro-6.4.1-2018.05-i686_aarch64-linux-gnu/bin/../lib/gcc/aarch64-linux-gnu/6.4.1/crtbegin.o
                [!provide]                        PROVIDE (__fini_array_end, .)

.ctors
 *crtbegin.o(.ctors)
 *crtbegin?.o(.ctors)
 *(EXCLUDE_FILE(*crtend?.o *crtend.o) .ctors)
 *(SORT(.ctors.*))
 *(.ctors)

.dtors
 *crtbegin.o(.dtors)
 *crtbegin?.o(.dtors)
 *(EXCLUDE_FILE(*crtend?.o *crtend.o) .dtors)
 *(SORT(.dtors.*))
 *(.dtors)

.jcr            0x0000000000410a68        0x8
 *(.jcr)
 .jcr           0x0000000000410a68        0x0 /opt/crosstools/gcc-linaro-6.4.1-2018.05-i686_aarch64-linux-gnu/bin/../lib/gcc/aarch64-linux-gnu/6.4.1/crtbegin.o
 .jcr           0x0000000000410a68        0x8 /opt/crosstools/gcc-linaro-6.4.1-2018.05-i686_aarch64-linux-gnu/bin/../lib/gcc/aarch64-linux-gnu/6.4.1/crtend.o

.data.rel.ro
 *(.data.rel.ro.local* .gnu.linkonce.d.rel.ro.local.*)
 *(.data.rel.ro .data.rel.ro.* .gnu.linkonce.d.rel.ro.*)

.dynamic        0x0000000000410a70      0x1f0
 *(.dynamic)
 .dynamic       0x0000000000410a70      0x1f0 /opt/crosstools/gcc-linaro-6.4.1-2018.05-i686_aarch64-linux-gnu/bin/../aarch64-linux-gnu/libc/usr/lib/crt1.o
                0x0000000000410a70                _DYNAMIC

.got            0x0000000000410c60       0x10
 *(.got)
 .got           0x0000000000410c60       0x10 /opt/crosstools/gcc-linaro-6.4.1-2018.05-i686_aarch64-linux-gnu/bin/../aarch64-linux-gnu/libc/usr/lib/crt1.o
                0x0000000000410c60                _GLOBAL_OFFSET_TABLE_
 *(.igot)
                0x0000000000410c70                . = DATA_SEGMENT_RELRO_END (., 0x18)

.got.plt        0x0000000000410c70       0x68
 *(.got.plt)
 .got.plt       0x0000000000410c70       0x68 /opt/crosstools/gcc-linaro-6.4.1-2018.05-i686_aarch64-linux-gnu/bin/../aarch64-linux-gnu/libc/usr/lib/crt1.o
 *(.igot.plt)
 .igot.plt      0x0000000000410cd8        0x0 /opt/crosstools/gcc-linaro-6.4.1-2018.05-i686_aarch64-linux-gnu/bin/../aarch64-linux-gnu/libc/usr/lib/crt1.o

.data           0x0000000000410cd8       0x10
                [!provide]                        PROVIDE (__data_start, .)
 *(.data .data.* .gnu.linkonce.d.*)
 .data          0x0000000000410cd8        0x4 /opt/crosstools/gcc-linaro-6.4.1-2018.05-i686_aarch64-linux-gnu/bin/../aarch64-linux-gnu/libc/usr/lib/crt1.o
                0x0000000000410cd8                data_start
                0x0000000000410cd8                __data_start
 .data          0x0000000000410cdc        0x0 /opt/crosstools/gcc-linaro-6.4.1-2018.05-i686_aarch64-linux-gnu/bin/../aarch64-linux-gnu/libc/usr/lib/crti.o
 *fill*         0x0000000000410cdc        0x4 
 .data          0x0000000000410ce0        0x8 /opt/crosstools/gcc-linaro-6.4.1-2018.05-i686_aarch64-linux-gnu/bin/../lib/gcc/aarch64-linux-gnu/6.4.1/crtbegin.o
                0x0000000000410ce0                __dso_handle
 .data          0x0000000000410ce8        0x0 appShowMemInfos.o
 .data          0x0000000000410ce8        0x0 /opt/crosstools/gcc-linaro-6.4.1-2018.05-i686_aarch64-linux-gnu/bin/../aarch64-linux-gnu/libc/usr/lib/libc_nonshared.a(elf-init.oS)
 .data          0x0000000000410ce8        0x0 /opt/crosstools/gcc-linaro-6.4.1-2018.05-i686_aarch64-linux-gnu/bin/../lib/gcc/aarch64-linux-gnu/6.4.1/crtend.o
 .data          0x0000000000410ce8        0x0 /opt/crosstools/gcc-linaro-6.4.1-2018.05-i686_aarch64-linux-gnu/bin/../aarch64-linux-gnu/libc/usr/lib/crtn.o

.tm_clone_table
                0x0000000000410ce8        0x0
 .tm_clone_table
                0x0000000000410ce8        0x0 /opt/crosstools/gcc-linaro-6.4.1-2018.05-i686_aarch64-linux-gnu/bin/../lib/gcc/aarch64-linux-gnu/6.4.1/crtbegin.o
 .tm_clone_table
                0x0000000000410ce8        0x0 /opt/crosstools/gcc-linaro-6.4.1-2018.05-i686_aarch64-linux-gnu/bin/../lib/gcc/aarch64-linux-gnu/6.4.1/crtend.o

.data1
 *(.data1)
                0x0000000000410ce8                _edata = .
                [!provide]                        PROVIDE (edata, .)
                0x0000000000410ce8                . = .
                0x0000000000410ce8                __bss_start = .
                0x0000000000410ce8                __bss_start__ = .

.bss            0x0000000000410ce8        0x8
 *(.dynbss)
 .dynbss        0x0000000000410ce8        0x0 /opt/crosstools/gcc-linaro-6.4.1-2018.05-i686_aarch64-linux-gnu/bin/../aarch64-linux-gnu/libc/usr/lib/crt1.o
 *(.bss .bss.* .gnu.linkonce.b.*)
 .bss           0x0000000000410ce8        0x0 /opt/crosstools/gcc-linaro-6.4.1-2018.05-i686_aarch64-linux-gnu/bin/../aarch64-linux-gnu/libc/usr/lib/crt1.o
 .bss           0x0000000000410ce8        0x0 /opt/crosstools/gcc-linaro-6.4.1-2018.05-i686_aarch64-linux-gnu/bin/../aarch64-linux-gnu/libc/usr/lib/crti.o
 .bss           0x0000000000410ce8        0x1 /opt/crosstools/gcc-linaro-6.4.1-2018.05-i686_aarch64-linux-gnu/bin/../lib/gcc/aarch64-linux-gnu/6.4.1/crtbegin.o
 .bss           0x0000000000410ce9        0x0 appShowMemInfos.o
 .bss           0x0000000000410ce9        0x0 /opt/crosstools/gcc-linaro-6.4.1-2018.05-i686_aarch64-linux-gnu/bin/../aarch64-linux-gnu/libc/usr/lib/libc_nonshared.a(elf-init.oS)
 .bss           0x0000000000410ce9        0x0 /opt/crosstools/gcc-linaro-6.4.1-2018.05-i686_aarch64-linux-gnu/bin/../lib/gcc/aarch64-linux-gnu/6.4.1/crtend.o
 .bss           0x0000000000410ce9        0x0 /opt/crosstools/gcc-linaro-6.4.1-2018.05-i686_aarch64-linux-gnu/bin/../aarch64-linux-gnu/libc/usr/lib/crtn.o
 *(COMMON)
                0x0000000000410cf0                . = ALIGN ((. != 0x0)?0x8:0x1)
 *fill*         0x0000000000410ce9        0x7 
                0x0000000000410cf0                _bss_end__ = .
                0x0000000000410cf0                __bss_end__ = .
                0x0000000000410cf0                . = ALIGN (0x8)
                0x0000000000410cf0                . = SEGMENT_START ("ldata-segment", .)
                0x0000000000410cf0                . = ALIGN (0x8)
                0x0000000000410cf0                __end__ = .
                0x0000000000410cf0                _end = .
                [!provide]                        PROVIDE (end, .)
                0x0000000000410cf0                . = DATA_SEGMENT_END (.)

.stab
 *(.stab)

.stabstr
 *(.stabstr)

.stab.excl
 *(.stab.excl)

.stab.exclstr
 *(.stab.exclstr)

.stab.index
 *(.stab.index)

.stab.indexstr
 *(.stab.indexstr)

.comment        0x0000000000000000       0x74
 *(.comment)
 .comment       0x0000000000000000       0x74 /opt/crosstools/gcc-linaro-6.4.1-2018.05-i686_aarch64-linux-gnu/bin/../aarch64-linux-gnu/libc/usr/lib/crt1.o
                                         0x75 (size before relaxing)
 .comment       0x0000000000000074       0x75 /opt/crosstools/gcc-linaro-6.4.1-2018.05-i686_aarch64-linux-gnu/bin/../lib/gcc/aarch64-linux-gnu/6.4.1/crtbegin.o
 .comment       0x0000000000000074       0x75 appShowMemInfos.o
 .comment       0x0000000000000074       0x75 /opt/crosstools/gcc-linaro-6.4.1-2018.05-i686_aarch64-linux-gnu/bin/../aarch64-linux-gnu/libc/usr/lib/libc_nonshared.a(elf-init.oS)
 .comment       0x0000000000000074       0x75 /opt/crosstools/gcc-linaro-6.4.1-2018.05-i686_aarch64-linux-gnu/bin/../lib/gcc/aarch64-linux-gnu/6.4.1/crtend.o

.debug
 *(.debug)

.line
 *(.line)

.debug_srcinfo
 *(.debug_srcinfo)

.debug_sfnames
 *(.debug_sfnames)

.debug_aranges  0x0000000000000000      0x140
 *(.debug_aranges)
 .debug_aranges
                0x0000000000000000       0x50 /opt/crosstools/gcc-linaro-6.4.1-2018.05-i686_aarch64-linux-gnu/bin/../aarch64-linux-gnu/libc/usr/lib/crt1.o
 .debug_aranges
                0x0000000000000050       0x50 /opt/crosstools/gcc-linaro-6.4.1-2018.05-i686_aarch64-linux-gnu/bin/../aarch64-linux-gnu/libc/usr/lib/crti.o
 .debug_aranges
                0x00000000000000a0       0x30 appShowMemInfos.o
 .debug_aranges
                0x00000000000000d0       0x30 /opt/crosstools/gcc-linaro-6.4.1-2018.05-i686_aarch64-linux-gnu/bin/../aarch64-linux-gnu/libc/usr/lib/libc_nonshared.a(elf-init.oS)
 .debug_aranges
                0x0000000000000100       0x40 /opt/crosstools/gcc-linaro-6.4.1-2018.05-i686_aarch64-linux-gnu/bin/../aarch64-linux-gnu/libc/usr/lib/crtn.o

.debug_pubnames
 *(.debug_pubnames)

.debug_info     0x0000000000000000      0x939
 *(.debug_info .gnu.linkonce.wi.*)
 .debug_info    0x0000000000000000      0x169 /opt/crosstools/gcc-linaro-6.4.1-2018.05-i686_aarch64-linux-gnu/bin/../aarch64-linux-gnu/libc/usr/lib/crt1.o
 .debug_info    0x0000000000000169       0xde /opt/crosstools/gcc-linaro-6.4.1-2018.05-i686_aarch64-linux-gnu/bin/../aarch64-linux-gnu/libc/usr/lib/crti.o
 .debug_info    0x0000000000000247      0x455 appShowMemInfos.o
 .debug_info    0x000000000000069c      0x1bf /opt/crosstools/gcc-linaro-6.4.1-2018.05-i686_aarch64-linux-gnu/bin/../aarch64-linux-gnu/libc/usr/lib/libc_nonshared.a(elf-init.oS)
 .debug_info    0x000000000000085b       0xde /opt/crosstools/gcc-linaro-6.4.1-2018.05-i686_aarch64-linux-gnu/bin/../aarch64-linux-gnu/libc/usr/lib/crtn.o

.debug_abbrev   0x0000000000000000      0x2af
 *(.debug_abbrev)
 .debug_abbrev  0x0000000000000000       0x52 /opt/crosstools/gcc-linaro-6.4.1-2018.05-i686_aarch64-linux-gnu/bin/../aarch64-linux-gnu/libc/usr/lib/crt1.o
 .debug_abbrev  0x0000000000000052       0x12 /opt/crosstools/gcc-linaro-6.4.1-2018.05-i686_aarch64-linux-gnu/bin/../aarch64-linux-gnu/libc/usr/lib/crti.o
 .debug_abbrev  0x0000000000000064      0x121 appShowMemInfos.o
 .debug_abbrev  0x0000000000000185      0x118 /opt/crosstools/gcc-linaro-6.4.1-2018.05-i686_aarch64-linux-gnu/bin/../aarch64-linux-gnu/libc/usr/lib/libc_nonshared.a(elf-init.oS)
 .debug_abbrev  0x000000000000029d       0x12 /opt/crosstools/gcc-linaro-6.4.1-2018.05-i686_aarch64-linux-gnu/bin/../aarch64-linux-gnu/libc/usr/lib/crtn.o

.debug_line     0x0000000000000000      0x480
 *(.debug_line .debug_line.* .debug_line_end)
 .debug_line    0x0000000000000000       0x81 /opt/crosstools/gcc-linaro-6.4.1-2018.05-i686_aarch64-linux-gnu/bin/../aarch64-linux-gnu/libc/usr/lib/crt1.o
 .debug_line    0x0000000000000081       0x7c /opt/crosstools/gcc-linaro-6.4.1-2018.05-i686_aarch64-linux-gnu/bin/../aarch64-linux-gnu/libc/usr/lib/crti.o
 .debug_line    0x00000000000000fd      0x1e9 appShowMemInfos.o
 .debug_line    0x00000000000002e6      0x138 /opt/crosstools/gcc-linaro-6.4.1-2018.05-i686_aarch64-linux-gnu/bin/../aarch64-linux-gnu/libc/usr/lib/libc_nonshared.a(elf-init.oS)
 .debug_line    0x000000000000041e       0x62 /opt/crosstools/gcc-linaro-6.4.1-2018.05-i686_aarch64-linux-gnu/bin/../aarch64-linux-gnu/libc/usr/lib/crtn.o

.debug_frame    0x0000000000000000       0xa8
 *(.debug_frame)
 .debug_frame   0x0000000000000000       0x40 appShowMemInfos.o
 .debug_frame   0x0000000000000040       0x68 /opt/crosstools/gcc-linaro-6.4.1-2018.05-i686_aarch64-linux-gnu/bin/../aarch64-linux-gnu/libc/usr/lib/libc_nonshared.a(elf-init.oS)

.debug_str      0x0000000000000000      0x693
 *(.debug_str)
 .debug_str     0x0000000000000000      0x1cb /opt/crosstools/gcc-linaro-6.4.1-2018.05-i686_aarch64-linux-gnu/bin/../aarch64-linux-gnu/libc/usr/lib/crt1.o
                                        0x20b (size before relaxing)
 .debug_str     0x00000000000001cb      0x327 appShowMemInfos.o
                                        0x3a1 (size before relaxing)
 .debug_str     0x00000000000004f2      0x1a1 /opt/crosstools/gcc-linaro-6.4.1-2018.05-i686_aarch64-linux-gnu/bin/../aarch64-linux-gnu/libc/usr/lib/libc_nonshared.a(elf-init.oS)
                                        0x293 (size before relaxing)

.debug_loc      0x0000000000000000      0x1ca
 *(.debug_loc)
 .debug_loc     0x0000000000000000       0x64 appShowMemInfos.o
 .debug_loc     0x0000000000000064      0x166 /opt/crosstools/gcc-linaro-6.4.1-2018.05-i686_aarch64-linux-gnu/bin/../aarch64-linux-gnu/libc/usr/lib/libc_nonshared.a(elf-init.oS)

.debug_macinfo
 *(.debug_macinfo)

.debug_weaknames
 *(.debug_weaknames)

.debug_funcnames
 *(.debug_funcnames)

.debug_typenames
 *(.debug_typenames)

.debug_varnames
 *(.debug_varnames)

.debug_pubtypes
 *(.debug_pubtypes)

.debug_ranges   0x0000000000000000       0x90
 *(.debug_ranges)
 .debug_ranges  0x0000000000000000       0x50 /opt/crosstools/gcc-linaro-6.4.1-2018.05-i686_aarch64-linux-gnu/bin/../aarch64-linux-gnu/libc/usr/lib/crti.o
 .debug_ranges  0x0000000000000050       0x40 /opt/crosstools/gcc-linaro-6.4.1-2018.05-i686_aarch64-linux-gnu/bin/../aarch64-linux-gnu/libc/usr/lib/crtn.o

.debug_macro
 *(.debug_macro)

.debug_addr
 *(.debug_addr)

.ARM.attributes
 *(.ARM.attributes)
 *(.gnu.attributes)

.note.gnu.arm.ident
 *(.note.gnu.arm.ident)

/DISCARD/
 *(.note.GNU-stack)
 *(.gnu_debuglink)
 *(.gnu.lto_*)
OUTPUT(appShowMemInfos elf64-littleaarch64)
